---
http_interactions:
- request:
    method: post
    uri: http://<HOST>:8080/api/v1/accounts/<ACCOUNT>/queues
    body:
      encoding: UTF-8
      string: '{"queueName":"test_queue"}'
    headers:
      User-Agent:
      - Faraday v0.9.2
      X-Cassieq-Request-Time:
      - '2016-02-28T23:17:53Z'
      Authorization:
      - Signed dIroc1bsL5cAMxT6gp47g2YzneTy9WqRvBmpz8RF_Gs
      Content-Type:
      - application/json
      Accept-Encoding:
      - gzip;q=1.0,deflate;q=0.6,identity;q=0.3
      Accept:
      - "*/*"
  response:
    status:
      code: 201
      message: Created
    headers:
      Date:
      - Sun, 28 Feb 2016 23:17:53 GMT
      Content-Length:
      - '0'
    body:
      encoding: UTF-8
      string: ''
    http_version: 
  recorded_at: Sun, 28 Feb 2016 23:17:53 GMT
- request:
    method: post
    uri: http://<HOST>:8080/api/v1/accounts/<ACCOUNT>/queues/test_queue/messages
    body:
      encoding: UTF-8
      string: Here is message
    headers:
      User-Agent:
      - Faraday v0.9.2
      X-Cassieq-Request-Time:
      - '2016-02-28T23:17:53Z'
      Authorization:
      - Signed 3_VwcQcMalAXmcLP6CFPd5pso3Cb8I-ejE9PTH1KWOo
      Content-Type:
      - application/json
      Accept-Encoding:
      - gzip;q=1.0,deflate;q=0.6,identity;q=0.3
      Accept:
      - "*/*"
  response:
    status:
      code: 201
      message: Created
    headers:
      Date:
      - Sun, 28 Feb 2016 23:17:53 GMT
      Content-Length:
      - '0'
    body:
      encoding: UTF-8
      string: ''
    http_version: 
  recorded_at: Sun, 28 Feb 2016 23:17:53 GMT
- request:
    method: get
    uri: http://<HOST>:8080/api/v1/accounts/<ACCOUNT>/queues/test_queue/statistics
    body:
      encoding: US-ASCII
      string: ''
    headers:
      User-Agent:
      - Faraday v0.9.2
      X-Cassieq-Request-Time:
      - '2016-02-28T23:17:53Z'
      Authorization:
      - Signed VxsC5FEXWLjnRs3OlYPT727YX1tNULj-ksKj8qh5w2c
      Accept-Encoding:
      - gzip;q=1.0,deflate;q=0.6,identity;q=0.3
      Accept:
      - "*/*"
  response:
    status:
      code: 200
      message: OK
    headers:
      Date:
      - Sun, 28 Feb 2016 23:17:53 GMT
      Content-Type:
      - application/json
      Content-Length:
      - '16'
    body:
      encoding: UTF-8
      string: |-
        {
          "size" : 1
        }
    http_version: 
  recorded_at: Sun, 28 Feb 2016 23:17:53 GMT
- request:
    method: delete
    uri: http://<HOST>:8080/api/v1/accounts/<ACCOUNT>/queues/test_queue
    body:
      encoding: US-ASCII
      string: ''
    headers:
      User-Agent:
      - Faraday v0.9.2
      X-Cassieq-Request-Time:
      - '2016-02-28T23:17:53Z'
      Authorization:
      - Signed CIcQ1K3w71HFiFhLNWLXj4vnI2p5Y4oyUKTVXdAt1AY
      Accept-Encoding:
      - gzip;q=1.0,deflate;q=0.6,identity;q=0.3
      Accept:
      - "*/*"
  response:
    status:
      code: 200
      message: OK
    headers:
      Date:
      - Sun, 28 Feb 2016 23:17:53 GMT
      Content-Length:
      - '0'
    body:
      encoding: UTF-8
      string: ''
    http_version: 
  recorded_at: Sun, 28 Feb 2016 23:17:53 GMT
recorded_with: VCR 3.0.1
