---
http_interactions:
- request:
    method: post
    uri: http://<HOST>:8080/api/v1/accounts/<ACCOUNT>/queues
    body:
      encoding: UTF-8
      string: '{"queueName":"test_queue"}'
    headers:
      User-Agent:
      - Faraday v0.9.2
      X-Cassieq-Request-Time:
      - '2016-02-29T20:14:31Z'
      Authorization:
      - Signed JsvAJrVqF5jqTspGZmt2fKxpJheoxThriiBYRoZnKq0
      Content-Type:
      - application/json
      Accept-Encoding:
      - gzip;q=1.0,deflate;q=0.6,identity;q=0.3
      Accept:
      - "*/*"
  response:
    status:
      code: 201
      message: Created
    headers:
      Date:
      - Mon, 29 Feb 2016 20:14:31 GMT
      Content-Length:
      - '0'
    body:
      encoding: UTF-8
      string: ''
    http_version: 
  recorded_at: Mon, 29 Feb 2016 20:14:32 GMT
- request:
    method: post
    uri: http://<HOST>:8080/api/v1/accounts/<ACCOUNT>/queues/test_queue/messages
    body:
      encoding: UTF-8
      string: Test message!
    headers:
      User-Agent:
      - Faraday v0.9.2
      X-Cassieq-Request-Time:
      - '2016-02-29T20:14:32Z'
      Authorization:
      - Signed Q745plD4McY1t6IgzBeVAjgCYiq0M8eurWYPY9xIkBA
      Content-Type:
      - application/json
      Accept-Encoding:
      - gzip;q=1.0,deflate;q=0.6,identity;q=0.3
      Accept:
      - "*/*"
  response:
    status:
      code: 201
      message: Created
    headers:
      Date:
      - Mon, 29 Feb 2016 20:14:32 GMT
      Content-Length:
      - '0'
    body:
      encoding: UTF-8
      string: ''
    http_version: 
  recorded_at: Mon, 29 Feb 2016 20:14:32 GMT
- request:
    method: delete
    uri: http://<HOST>:8080/api/v1/accounts/<ACCOUNT>/queues/test_queue
    body:
      encoding: US-ASCII
      string: ''
    headers:
      User-Agent:
      - Faraday v0.9.2
      X-Cassieq-Request-Time:
      - '2016-02-29T20:14:32Z'
      Authorization:
      - Signed bx9alhrTfCI9HURw9O2OW-0mDPgbH_hfxKwqViSgSqI
      Accept-Encoding:
      - gzip;q=1.0,deflate;q=0.6,identity;q=0.3
      Accept:
      - "*/*"
  response:
    status:
      code: 200
      message: OK
    headers:
      Date:
      - Mon, 29 Feb 2016 20:14:32 GMT
      Content-Length:
      - '0'
    body:
      encoding: UTF-8
      string: ''
    http_version: 
  recorded_at: Mon, 29 Feb 2016 20:14:32 GMT
recorded_with: VCR 3.0.1
