---
http_interactions:
- request:
    method: post
    uri: http://<HOST>:8080/api/v1/accounts/<ACCOUNT>/queues
    body:
      encoding: UTF-8
      string: '{"queueName":"test_queue"}'
    headers:
      User-Agent:
      - Faraday v0.9.2
      X-Cassieq-Request-Time:
      - '2016-04-19T18:17:11Z'
      Authorization:
      - Signed lWb3nVkwOhORUTrH40Jz2NFC9I-qi3V9NVjP9bZRxkI
      Content-Type:
      - application/json
      Accept-Encoding:
      - gzip;q=1.0,deflate;q=0.6,identity;q=0.3
      Accept:
      - "*/*"
  response:
    status:
      code: 201
      message: Created
    headers:
      Date:
      - Tue, 19 Apr 2016 18:17:11 GMT
      Content-Length:
      - '0'
    body:
      encoding: UTF-8
      string: ''
    http_version: 
  recorded_at: Tue, 19 Apr 2016 18:17:11 GMT
- request:
    method: get
    uri: http://<HOST>:8080/api/v1/accounts/<ACCOUNT>/queues
    body:
      encoding: US-ASCII
      string: ''
    headers:
      User-Agent:
      - Faraday v0.9.2
      X-Cassieq-Request-Time:
      - '2016-04-19T18:17:11Z'
      Authorization:
      - Signed rE95xbHP6MQJW8NfEf41kQrNRpIadtyULKwNZB5cwOM
      Accept-Encoding:
      - gzip;q=1.0,deflate;q=0.6,identity;q=0.3
      Accept:
      - "*/*"
  response:
    status:
      code: 200
      message: OK
    headers:
      Date:
      - Tue, 19 Apr 2016 18:17:11 GMT
      Content-Type:
      - application/json
      Vary:
      - Accept-Encoding
      Content-Length:
      - '279'
    body:
      encoding: ASCII-8BIT
      string: |-
        [ {
          "accountName" : "<ACCOUNT>",
          "queueName" : "test_queue",
          "bucketSize" : 20,
          "maxDeliveryCount" : 5,
          "status" : "Active",
          "version" : 0,
          "repairWorkerPollFrequencySeconds" : 5,
          "repairWorkerTombstonedBucketTimeoutSeconds" : 15,
          "deleteBucketsAfterFinalization" : true,
          "queueStatsId" : "40ea021b-23ae-4805-ba45-727060d0dff4_<ACCOUNT>:test_queue_v0",
          "dlqName" : null,
          "strictFifo" : false,
          "id" : "<ACCOUNT>:test_queue_v0"
        } ]
    http_version: 
  recorded_at: Tue, 19 Apr 2016 18:17:11 GMT
- request:
    method: delete
    uri: http://<HOST>:8080/api/v1/accounts/<ACCOUNT>/queues/test_queue
    body:
      encoding: US-ASCII
      string: ''
    headers:
      User-Agent:
      - Faraday v0.9.2
      X-Cassieq-Request-Time:
      - '2016-04-19T18:17:11Z'
      Authorization:
      - Signed OB3NOfkp_CNGJSyAqs3AxWH1ZXywhLKPcN9hJv9Uj_E
      Accept-Encoding:
      - gzip;q=1.0,deflate;q=0.6,identity;q=0.3
      Accept:
      - "*/*"
  response:
    status:
      code: 200
      message: OK
    headers:
      Date:
      - Tue, 19 Apr 2016 18:17:11 GMT
      Content-Length:
      - '0'
    body:
      encoding: UTF-8
      string: ''
    http_version: 
  recorded_at: Tue, 19 Apr 2016 18:17:11 GMT
recorded_with: VCR 3.0.1
